../Core/Src/main.c:85:6:Compression	72	static
../Core/Src/main.c:122:5:main	48	static
../Core/Src/main.c:179:6:SystemClock_Config	80	static
../Core/Src/main.c:218:13:MX_SPI1_Init	8	static
../Core/Src/main.c:258:13:MX_USART2_UART_Init	8	static
../Core/Src/main.c:293:13:MX_GPIO_Init	48	static
../Core/Src/main.c:332:6:icm20948_init	8	static
../Core/Src/main.c:357:6:ak09916_init	8	static
../Core/Src/main.c:369:6:icm20948_gyro_read	24	static
../Core/Src/main.c:378:6:icm20948_accel_read	24	static
../Core/Src/main.c:388:6:ak09916_mag_read	32	static
../Core/Src/main.c:408:6:icm20948_gyro_read_dps	16	static
../Core/Src/main.c:417:6:icm20948_accel_read_g	16	static
../Core/Src/main.c:426:6:ak09916_mag_read_uT	40	static
../Core/Src/main.c:441:6:icm20948_who_am_i	24	static
../Core/Src/main.c:451:6:ak09916_who_am_i	24	static
../Core/Src/main.c:461:6:icm20948_device_reset	8	static
../Core/Src/main.c:467:6:ak09916_soft_reset	8	static
../Core/Src/main.c:473:6:icm20948_wakeup	24	static
../Core/Src/main.c:482:6:icm20948_sleep	24	static
../Core/Src/main.c:491:6:icm20948_spi_slave_enable	24	static
../Core/Src/main.c:499:6:icm20948_i2c_master_reset	24	static
../Core/Src/main.c:507:6:icm20948_i2c_master_enable	24	static
../Core/Src/main.c:516:6:icm20948_i2c_master_clk_frq	32	static
../Core/Src/main.c:524:6:icm20948_clock_source	32	static
../Core/Src/main.c:532:6:icm20948_odr_align_enable	8	static
../Core/Src/main.c:537:6:icm20948_gyro_low_pass_filter	32	static
../Core/Src/main.c:545:6:icm20948_accel_low_pass_filter	32	static
../Core/Src/main.c:553:6:icm20948_gyro_sample_rate_divider	16	static
../Core/Src/main.c:558:6:icm20948_accel_sample_rate_divider	32	static
../Core/Src/main.c:567:6:ak09916_operation_mode_setting	16	static
../Core/Src/main.c:573:6:icm20948_gyro_calibration	56	static
../Core/Src/main.c:605:6:icm20948_accel_calibration	80	static
../Core/Src/main.c:663:6:icm20948_gyro_full_scale_select	32	static
../Core/Src/main.c:690:6:icm20948_accel_full_scale_select	32	static
../Core/Src/main.c:719:13:cs_high	8	static
../Core/Src/main.c:724:13:cs_low	8	static
../Core/Src/main.c:729:13:select_user_bank	32	static
../Core/Src/main.c:740:16:read_single_icm20948_reg	32	static
../Core/Src/main.c:754:13:write_single_icm20948_reg	32	static
../Core/Src/main.c:767:17:read_multiple_icm20948_reg	32	static
../Core/Src/main.c:781:13:write_multiple_icm20948_reg	32	static
../Core/Src/main.c:792:16:read_single_ak09916_reg	16	static
../Core/Src/main.c:802:13:write_single_ak09916_reg	16	static
../Core/Src/main.c:810:17:read_multiple_ak09916_reg	16	static
../Core/Src/main.c:825:6:Error_Handler	8	static,ignoring_inline_asm
